// Jest Snapshot v1, https://goo.gl/fbAQLP

exports[`installing update using tray given no update is already downloaded, and "latest" update channel is selected, when started renders 1`] = `
<body>
  <div />
</body>
`;

exports[`installing update using tray given no update is already downloaded, and "latest" update channel is selected, when started when user checks for updates using tray renders 1`] = `
<body>
  <div />
</body>
`;

exports[`installing update using tray given no update is already downloaded, and "latest" update channel is selected, when started when user checks for updates using tray when new update is discovered renders 1`] = `
<body>
  <div />
</body>
`;

exports[`installing update using tray given no update is already downloaded, and "latest" update channel is selected, when started when user checks for updates using tray when new update is discovered when update is downloaded renders 1`] = `
<body>
  <div />
</body>
`;

exports[`installing update using tray given no update is already downloaded, and "latest" update channel is selected, when started when user checks for updates using tray when new update is discovered when update is downloaded when user answers not to install the update renders 1`] = `
<body>
  <div />
</body>
`;

exports[`installing update using tray given no update is already downloaded, and "latest" update channel is selected, when started when user checks for updates using tray when new update is discovered when update is downloaded when user answers to install the update renders 1`] = `
<body>
  <div />
</body>
`;

exports[`installing update using tray given no update is already downloaded, and "latest" update channel is selected, when started when user checks for updates using tray when new update is discovered when update is downloaded when user disregards the question and installs the update using tray renders 1`] = `
<body>
  <div />
</body>
`;

exports[`installing update using tray given no update is already downloaded, and "latest" update channel is selected, when started when user checks for updates using tray when no new update is discovered renders 1`] = `
<body>
  <div />
</body>
`;
